---
source: src/test.rs
expression: evaluate_example(path)
input_file: tests/list.nu
---
==== COMPILER ====
0: Int (1 to 2)
1: Int (4 to 5)
2: Int (7 to 8)
3: List([NodeId(0), NodeId(1), NodeId(2)]) (0 to 8)
4: Block(BlockId(0)) (0 to 9)
==== SCOPE ====
0: Frame Scope, variables: [  ], node_id: NodeId(4)
==== TYPES ====
0: unknown
1: unknown
2: unknown
3: unknown
4: ()
==== TYPE ERRORS ====
Error (NodeId 3): unsupported ast node 'List([NodeId(0), NodeId(1), NodeId(2)])' in typechecker

